HI-TECH Software PICC Compiler STD Edition V9.60

Linker command line:

\
  --edf=C:\Arquivos de programas\HI-TECH Software\PICC\std\9.60\dat\en_msgs.txt \
  -h+Display de 7 segmentos.sym -z -Q16F877A -ol.obj \
  -MDisplay de 7 segmentos.map -E1 -ver=PICC -ACODE=00h-07FFhx4 \
  -ACONST=00h-0FFhx32 -AENTRY=00h-0FFhx32 -ASTRING=00h-0FFhx32 \
  -ABANK0=020h-07Fh -ABANK1=0A0h-0EFh -ABANK2=0110h-016Fh \
  -ABANK3=0190h-01EFh -ACOMBANK=070h-07Fh \
  -preset_vec=00h,intentry,intcode,intret,init,init23,end_init,clrtext,maintext,stringtable,pstrings,strings \
  -ppowerup=CODE -ptemp=-COMBANK -pintsave_0=-COMBANK \
  -prbit_0=BANK0,rbss_0=BANK0,rdata_0=BANK0,idata_0=CODE -pnvram=BANK0 \
  -pintsave_1=BANK1 -prbit_1=BANK1,rbss_1=BANK1,rdata_1=BANK1,idata_1=CODE \
  -pnvram_1=BANK1,nvbit_1=BANK1 -pintsave_2=BANK2 \
  -prbit_2=BANK2,rbss_2=BANK2,rdata_2=BANK2,idata_2=CODE \
  -pnvram_2=BANK2,nvbit_2=BANK2 -pintsave_3=BANK3 \
  -prbit_3=BANK3,rbss_3=BANK3,rdata_3=BANK3,idata_3=CODE \
  -pnvram_3=BANK3,nvbit_3=BANK3 -ACONFIG=02007h-02007h -pconfig=CONFIG \
  -AIDLOC=02000h-02003h -pidloc=IDLOC -AEEDATA=00h-0FFh/02100h \
  -peeprom_data=EEDATA -pfloat_text0=CODE,float_text1=CODE,float_text2=CODE \
  -pfloat_text3=CODE,float_text4=CODE \
  C:\DOCUME~1\Cerne\CONFIG~1\Temp\s7bc.obj display7segmentos.obj \
  C:\Arquivos de programas\HI-TECH Software\PICC\std\9.60\lib\pic604-p.lib \
  C:\Arquivos de programas\HI-TECH Software\PICC\std\9.60\lib\pic32--u.lib \
  C:\Arquivos de programas\HI-TECH Software\PICC\std\9.60\lib\pic42c-c.lib \
  C:\Arquivos de programas\HI-TECH Software\PICC\std\9.60\lib\pic32--u.lib 

Object code version is 3.9

Machine type is 16F877A

Call graph:

*_main size 0,0 offset 0

Estimated maximum call depth: 0


		Name          Link     Load   Length Selector Space Scale
C:\DOCUME~1\Cerne\CONFIG~1\Temp\s7bc.obj
		end_init         0        0        3       0     0
display7segmentos.obj
		text0          7F3      7F3        D     FE6     0

C:\Arquivos de programas\HI-TECH Software\PICC\std\9.60\lib\pic604-p.lib

C:\Arquivos de programas\HI-TECH Software\PICC\std\9.60\lib\pic32--u.lib

C:\Arquivos de programas\HI-TECH Software\PICC\std\9.60\lib\pic42c-c.lib

C:\Arquivos de programas\HI-TECH Software\PICC\std\9.60\lib\pic32--u.lib

TOTAL		Name          Link     Load   Length
	CLASS	CODE     
		end_init         0        0        3
		text0          7F3      7F3        D

	CLASS	CONST    

	CLASS	ENTRY    

	CLASS	STRING   

	CLASS	BANK0    

	CLASS	BANK1    

	CLASS	BANK2    

	CLASS	BANK3    

	CLASS	COMBANK  

	CLASS	CONFIG   

	CLASS	IDLOC    

	CLASS	EEDATA   



SEGMENTS	Name		Load	Length	 Top	Selector    Space Class

		reset_vec       000000	000003	000003	       0       0  CODE    
		text0           0007F3	00000D	000800	     FE6       0  CODE    


UNUSED ADDRESS RANGES

	BANK0            0020-007F
	BANK1            00A0-00EF
	BANK2            0110-016F
	BANK3            0190-01EF
	CODE             0003-07F2
	                 0800-1FFF
	COMBANK          0070-007F
	CONFIG           2007-2007
	CONST            0003-07F2
	                 0800-1FFF
	EEDATA           2100-21FF
	ENTRY            0003-07F2
	                 0800-1FFF
	IDLOC            2000-2003
	STRING           0003-07F2
	                 0800-1FFF

                                  Symbol Table

__Beeprom_data eeprom_data 2100  __Bnvbit_0     nvbit_0     0006
__Bnvbit_1     nvbit_1     00A0  __Bnvbit_2     nvbit_2     0110
__Bnvbit_3     nvbit_3     0190  __Bptbit_0     ptbit_0     0006
__Brbit_0      rbit_0      0020  __Brbit_1      rbit_1      00A0
__Brbit_2      rbit_2      0110  __Brbit_3      rbit_3      0190
__Hclrtext     clrtext     0003  __Hcode        code        0006
__Hcommon_ram  common_ram  0006  __Hconfig      config      2007
__Heeprom_data eeprom_data 0000  __Hend_init    end_init    0003
__Hfloat_text0 float_text0 0003  __Hfloat_text1 float_text1 0003
__Hfloat_text2 float_text2 0003  __Hfloat_text3 float_text3 0003
__Hfloat_text4 float_text4 0003  __Hidata_0     idata_0     0003
__Hidata_1     idata_1     0003  __Hidata_2     idata_2     0003
__Hidata_3     idata_3     0003  __Hidloc       idloc       2000
__Hinit        init        0000  __Hinit23      init23      0000
__Hintcode     intcode     0000  __Hintentry    intentry    0000
__Hintret      intret      0000  __Hintsave     intsave     0006
__Hintsave_0   intsave_0   0070  __Hintsave_1   intsave_1   00A0
__Hintsave_2   intsave_2   0110  __Hintsave_3   intsave_3   0190
__Hmaintext    maintext    0003  __Hnvbit_0     nvbit_0     0030
__Hnvbit_1     nvbit_1     0500  __Hnvbit_2     nvbit_2     0880
__Hnvbit_3     nvbit_3     0C80  __Hnvram       nvram       0020
__Hnvram_1     nvram_1     00A0  __Hnvram_2     nvram_2     0110
__Hnvram_3     nvram_3     0190  __Hpowerup     powerup     0003
__Hpstrings    pstrings    0003  __Hptbit_0     ptbit_0     0030
__Hrbit_0      rbit_0      0100  __Hrbit_1      rbit_1      0500
__Hrbit_2      rbit_2      0880  __Hrbit_3      rbit_3      0C80
__Hrbss_0      rbss_0      0020  __Hrbss_1      rbss_1      00A0
__Hrbss_2      rbss_2      0110  __Hrbss_3      rbss_3      0190
__Hrdata_0     rdata_0     0020  __Hrdata_1     rdata_1     00A0
__Hrdata_2     rdata_2     0110  __Hrdata_3     rdata_3     0190
__Hreset_vec   reset_vec   0000  __Hstrings     strings     0003
__Hstringtable stringtable 0003  __Hstruct      struct      0020
__Htemp        temp        0070  __Htext        text        0006
__Lclrtext     clrtext     0003  __Lcode        code        0006
__Lcommon_ram  common_ram  0006  __Lconfig      config      2007
__Leeprom_data eeprom_data 0000  __Lend_init    end_init    0000
__Lfloat_text0 float_text0 0003  __Lfloat_text1 float_text1 0003
__Lfloat_text2 float_text2 0003  __Lfloat_text3 float_text3 0003
__Lfloat_text4 float_text4 0003  __Lidata_0     idata_0     0003
__Lidata_1     idata_1     0003  __Lidata_2     idata_2     0003
__Lidata_3     idata_3     0003  __Lidloc       idloc       2000
__Linit        init        0000  __Linit23      init23      0000
__Lintcode     intcode     0000  __Lintentry    intentry    0000
__Lintret      intret      0000  __Lintsave     intsave     0006
__Lintsave_0   intsave_0   0070  __Lintsave_1   intsave_1   00A0
__Lintsave_2   intsave_2   0110  __Lintsave_3   intsave_3   0190
__Lmaintext    maintext    0003  __Lnvbit_0     nvbit_0     0030
__Lnvbit_1     nvbit_1     0500  __Lnvbit_2     nvbit_2     0880
__Lnvbit_3     nvbit_3     0C80  __Lnvram       nvram       0020
__Lnvram_1     nvram_1     00A0  __Lnvram_2     nvram_2     0110
__Lnvram_3     nvram_3     0190  __Lpowerup     powerup     0003
__Lpstrings    pstrings    0003  __Lptbit_0     ptbit_0     0030
__Lrbit_0      rbit_0      0100  __Lrbit_1      rbit_1      0500
__Lrbit_2      rbit_2      0880  __Lrbit_3      rbit_3      0C80
__Lrbss_0      rbss_0      0020  __Lrbss_1      rbss_1      00A0
__Lrbss_2      rbss_2      0110  __Lrbss_3      rbss_3      0190
__Lrdata_0     rdata_0     0020  __Lrdata_1     rdata_1     00A0
__Lrdata_2     rdata_2     0110  __Lrdata_3     rdata_3     0190
__Lreset_vec   reset_vec   0000  __Lstrings     strings     0003
__Lstringtable stringtable 0003  __Lstruct      struct      0020
__Ltemp        temp        0070  __Ltext        text        0006
__S0           (abs)       2007  __S1           (abs)       0190
__S2           (abs)       2100  _exit          init        0000
_main          text0       07F3  intlevel0      intentry    0000
intlevel1      intentry    0000  reset_vec      reset_vec   0000
start          init        0000  
